MULLE_PLATFORM_EXECUTABLE_SUFFIX=""
MULLE_PLATFORM_LIBRARY_LDFLAG="-l"
MULLE_PLATFORM_LIBRARY_PATH_LDFLAG="-L"
MULLE_PLATFORM_LIBRARY_PREFIX="lib"
MULLE_PLATFORM_LIBRARY_SUFFIX_STATIC=".a"
MULLE_PLATFORM_LIBRARY_SUFFIX_DYNAMIC=".so"
MULLE_PLATFORM_LINK_MODE="basename,no-suffix"
MULLE_PLATFORM_OBJECT_SUFFIX=".o"
MULLE_PLATFORM_RPATH_LDFLAG="-Wl,-rpath="
MULLE_PLATFORM_RPATH_VALUE_PREFIX=""
MULLE_PLATFORM_WHOLE_ARCHIVE_LDFLAG_DEFAULT="whole-archive,no-as-needed,export-dynamic"
MULLE_PLATFORM_WHOLE_ARCHIVE_LDFLAG_STATIC="whole-archive,no-as-needed"
